
Memory Configuration

Name             Origin             Length             Attributes
flash            0x00000000         0x20000000         xr
sram             0x20000000         0x20000000         xrw
*default*        0x00000000         0xffffffff

Linker script and memory map


.text           0x00000000      0x19c
 *(.vectors*)
 .vectors       0x00000000       0x10 startup.o
                0x00000000                g_p_fn_Vectors
 *(.text*)
 .text          0x00000010       0xbc startup.o
                0x00000010                H_Fault_Handler
                0x00000010                Default_Handler
                0x00000010                NMI_Handler
                0x0000001c                Reset_Handler
 .text          0x000000cc       0xd0 main.o
                0x000000cc                main
 *(.rodata)
                0x0000019c                _E_text = .

.glue_7         0x0000019c        0x0
 .glue_7        0x00000000        0x0 linker stubs

.glue_7t        0x0000019c        0x0
 .glue_7t       0x00000000        0x0 linker stubs

.vfp11_veneer   0x0000019c        0x0
 .vfp11_veneer  0x00000000        0x0 linker stubs

.v4_bx          0x0000019c        0x0
 .v4_bx         0x00000000        0x0 linker stubs

.iplt           0x0000019c        0x0
 .iplt          0x00000000        0x0 startup.o

.rel.dyn        0x0000019c        0x0
 .rel.iplt      0x00000000        0x0 startup.o

.data           0x20000000        0x0 load address 0x0000019c
                0x20000000                _S_data = .
 *(.data)
 .data          0x20000000        0x0 startup.o
 .data          0x20000000        0x0 main.o
                0x20000000                . = ALIGN (0x4)
                0x00000000                _E_data = 0x0

.igot.plt       0x20000000        0x0 load address 0x0000019c
 .igot.plt      0x00000000        0x0 startup.o

.bss            0x20000000      0x400 load address 0x0000019c
                0x20000000                _S_bss = .
 *(.bss*)
 .bss           0x20000000      0x400 startup.o
 .bss           0x20000400        0x0 main.o
                0x20000400                _E_bss = .
LOAD startup.o
LOAD main.o
OUTPUT(Toggle-Led_cortexM4.elf elf32-littlearm)

.debug_info     0x00000000      0x23c
 .debug_info    0x00000000      0x198 startup.o
 .debug_info    0x00000198       0xa4 main.o

.debug_abbrev   0x00000000      0x138
 .debug_abbrev  0x00000000       0xd3 startup.o
 .debug_abbrev  0x000000d3       0x65 main.o

.debug_loc      0x00000000       0x9c
 .debug_loc     0x00000000       0x64 startup.o
 .debug_loc     0x00000064       0x38 main.o

.debug_aranges  0x00000000       0x40
 .debug_aranges
                0x00000000       0x20 startup.o
 .debug_aranges
                0x00000020       0x20 main.o

.debug_line     0x00000000      0x113
 .debug_line    0x00000000       0xaf startup.o
 .debug_line    0x000000af       0x64 main.o

.debug_str      0x00000000      0x154
 .debug_str     0x00000000      0x133 startup.o
                                0x167 (size before relaxing)
 .debug_str     0x00000133       0x21 main.o
                                 0xe8 (size before relaxing)

.comment        0x00000000       0x11
 .comment       0x00000000       0x11 startup.o
                                 0x12 (size before relaxing)
 .comment       0x00000000       0x12 main.o

.ARM.attributes
                0x00000000       0x33
 .ARM.attributes
                0x00000000       0x33 startup.o
 .ARM.attributes
                0x00000033       0x33 main.o

.debug_frame    0x00000000       0x78
 .debug_frame   0x00000000       0x4c startup.o
 .debug_frame   0x0000004c       0x2c main.o
