
Memory Configuration

Name             Origin             Length             Attributes
flash            0x08000000         0x00020000         xr
sram             0x20000000         0x00005000         xrw
*default*        0x00000000         0xffffffff

Linker script and memory map


.text           0x08000000      0x184
 *(.vectors*)
 .vectors       0x08000000       0x1c startup.o
                0x08000000                vectors
 *(.text*)
 .text          0x0800001c       0xbc startup.o
                0x0800001c                NMI_Handler
                0x0800001c                H_Fault_Handler
                0x0800001c                MM_Fault_Handler
                0x0800001c                Bus_Handler
                0x0800001c                Default_Handler
                0x0800001c                Usage_Handler
                0x08000028                Reset_Handler
 .text          0x080000d8       0xa8 Toggle-Led_cortexM3.o
                0x080000d8                main
 *(.rodata)
 .rodata        0x08000180        0x4 Toggle-Led_cortexM3.o
                0x08000180                const_variables
                0x08000184                _E_text = .

.glue_7         0x08000184        0x0
 .glue_7        0x00000000        0x0 linker stubs

.glue_7t        0x08000184        0x0
 .glue_7t       0x00000000        0x0 linker stubs

.vfp11_veneer   0x08000184        0x0
 .vfp11_veneer  0x00000000        0x0 linker stubs

.v4_bx          0x08000184        0x0
 .v4_bx         0x00000000        0x0 linker stubs

.iplt           0x08000184        0x0
 .iplt          0x00000000        0x0 startup.o

.rel.dyn        0x08000184        0x0
 .rel.iplt      0x00000000        0x0 startup.o

.data           0x20000000        0x8 load address 0x08000184
                0x20000000                _S_data = .
 *(.data)
 .data          0x20000000        0x0 startup.o
 .data          0x20000000        0x8 Toggle-Led_cortexM3.o
                0x20000000                ODR_13
                0x20000004                g_variables
                0x20000008                . = ALIGN (0x4)
                0x00000000                _E_data = 0x0

.igot.plt       0x20000008        0x0 load address 0x0800018c
 .igot.plt      0x00000000        0x0 startup.o

.bss            0x20000008     0x1000 load address 0x0800018c
                0x20000008                _S_bss = .
 *(.bss*)
 .bss           0x20000008        0x0 startup.o
 .bss           0x20000008        0x0 Toggle-Led_cortexM3.o
                0x20000008                _E_bss = .
                0x20000008                . = ALIGN (0x4)
                0x20001008                . = (. + 0x1000)
 *fill*         0x20000008     0x1000 
                0x20001008                _stack_top = .
LOAD startup.o
LOAD Toggle-Led_cortexM3.o
OUTPUT(Toggle-Led_cortexM3.elf elf32-littlearm)

.debug_info     0x00000000      0x2d4
 .debug_info    0x00000000      0x172 startup.o
 .debug_info    0x00000172      0x162 Toggle-Led_cortexM3.o

.debug_abbrev   0x00000000      0x1ce
 .debug_abbrev  0x00000000       0xc0 startup.o
 .debug_abbrev  0x000000c0      0x10e Toggle-Led_cortexM3.o

.debug_loc      0x00000000       0x9c
 .debug_loc     0x00000000       0x64 startup.o
 .debug_loc     0x00000064       0x38 Toggle-Led_cortexM3.o

.debug_aranges  0x00000000       0x40
 .debug_aranges
                0x00000000       0x20 startup.o
 .debug_aranges
                0x00000020       0x20 Toggle-Led_cortexM3.o

.debug_line     0x00000000      0x115
 .debug_line    0x00000000       0xaf startup.o
 .debug_line    0x000000af       0x66 Toggle-Led_cortexM3.o

.debug_str      0x00000000      0x187
 .debug_str     0x00000000      0x12d startup.o
                                0x161 (size before relaxing)
 .debug_str     0x0000012d       0x5a Toggle-Led_cortexM3.o
                                0x12a (size before relaxing)

.comment        0x00000000       0x11
 .comment       0x00000000       0x11 startup.o
                                 0x12 (size before relaxing)
 .comment       0x00000000       0x12 Toggle-Led_cortexM3.o

.ARM.attributes
                0x00000000       0x33
 .ARM.attributes
                0x00000000       0x33 startup.o
 .ARM.attributes
                0x00000033       0x33 Toggle-Led_cortexM3.o

.debug_frame    0x00000000       0x78
 .debug_frame   0x00000000       0x4c startup.o
 .debug_frame   0x0000004c       0x2c Toggle-Led_cortexM3.o
